// Jest Snapshot v1, https://goo.gl/fbAQLP

exports[`CharacterDetails renders a character from the id onto the page  1`] = `
<div
  aria-label="character details"
  role="display"
>
  <h1>
    Uncle Stinky
  </h1>
  <img
    alt="Uncle Stinky"
    src="https://vignette.wikia.nocookie.net/heyarnold/images/8/89/Uncle_Stinky.jpg/revision/latest/scale-to-width-down/310?cb=20120924204406"
  />
</div>
`;
